Archive member included to satisfy reference by file (symbol)

.\CortexM3\ARM_GCC_541\Debug\AY1920_II_HW_05_PROJ_3.a(UART_Debug.o)
                              .\CortexM3\ARM_GCC_541\Debug\main.o (UART_Debug_Start)
.\CortexM3\ARM_GCC_541\Debug\AY1920_II_HW_05_PROJ_3.a(I2C_Master.o)
                              .\CortexM3\ARM_GCC_541\Debug\I2C_Interface.o (I2C_Master_Start)
.\CortexM3\ARM_GCC_541\Debug\AY1920_II_HW_05_PROJ_3.a(I2C_Master_INT.o)
                              .\CortexM3\ARM_GCC_541\Debug\AY1920_II_HW_05_PROJ_3.a(I2C_Master.o) (I2C_Master_ISR)
.\CortexM3\ARM_GCC_541\Debug\AY1920_II_HW_05_PROJ_3.a(I2C_Master_PM.o)
                              .\CortexM3\ARM_GCC_541\Debug\AY1920_II_HW_05_PROJ_3.a(I2C_Master.o) (I2C_Master_backup)
.\CortexM3\ARM_GCC_541\Debug\AY1920_II_HW_05_PROJ_3.a(I2C_Master_MASTER.o)
                              .\CortexM3\ARM_GCC_541\Debug\AY1920_II_HW_05_PROJ_3.a(I2C_Master.o) (I2C_Master_mstrStatus)
.\CortexM3\ARM_GCC_541\Debug\AY1920_II_HW_05_PROJ_3.a(UART_Debug_IntClock.o)
                              .\CortexM3\ARM_GCC_541\Debug\AY1920_II_HW_05_PROJ_3.a(UART_Debug.o) (UART_Debug_IntClock_Start)
.\CortexM3\ARM_GCC_541\Debug\AY1920_II_HW_05_PROJ_3.a(CyLib.o)
                              .\CortexM3\ARM_GCC_541\Debug\Cm3Start.o (CyHalt)
.\CortexM3\ARM_GCC_541\Debug\AY1920_II_HW_05_PROJ_3.a(cyPm.o)
                              .\CortexM3\ARM_GCC_541\Debug\AY1920_II_HW_05_PROJ_3.a(CyLib.o) (CyPmReadStatus)
.\CortexM3\ARM_GCC_541\Debug\AY1920_II_HW_05_PROJ_3.a(Timer_ISR.o)
                              .\CortexM3\ARM_GCC_541\Debug\InterruptRoutines.o (Timer_ISR_ReadStatusRegister)
.\CortexM3\ARM_GCC_541\Debug\AY1920_II_HW_05_PROJ_3.a(ISR_IMU.o)
                              .\CortexM3\ARM_GCC_541\Debug\main.o (ISR_IMU_StartEx)
.\CortexM3\ARM_GCC_541\Debug\AY1920_II_HW_05_PROJ_3.a(CyBootAsmGnu.o)
                              .\CortexM3\ARM_GCC_541\Debug\cyfitter_cfg.o (CyDelayCycles)
.\CortexM3\ARM_GCC_541\Debug\AY1920_II_HW_05_PROJ_3.a(CyFlash.o)
                              .\CortexM3\ARM_GCC_541\Debug\AY1920_II_HW_05_PROJ_3.a(cyPm.o) (CyFlash_SetWaitCycles)
.\CortexM3\ARM_GCC_541\Debug\AY1920_II_HW_05_PROJ_3.a(CySpc.o)
                              .\CortexM3\ARM_GCC_541\Debug\AY1920_II_HW_05_PROJ_3.a(CyFlash.o) (CySpcStart)
c:/program files (x86)/cypress/psoc creator/4.3/psoc creator/import/gnu/arm/5.4.1/bin/../lib/gcc/arm-none-eabi/5.4.1/armv7-m\libgcc.a(_arm_addsubsf3.o)
                              .\CortexM3\ARM_GCC_541\Debug\DataConversion.o (__aeabi_fsub)
c:/program files (x86)/cypress/psoc creator/4.3/psoc creator/import/gnu/arm/5.4.1/bin/../lib/gcc/arm-none-eabi/5.4.1/armv7-m\libgcc.a(_arm_muldivsf3.o)
                              .\CortexM3\ARM_GCC_541\Debug\InterruptRoutines.o (__aeabi_fmul)
c:/program files (x86)/cypress/psoc creator/4.3/psoc creator/import/gnu/arm/5.4.1/bin/../lib/gcc/arm-none-eabi/5.4.1/armv7-m\libgcc.a(_arm_fixsfsi.o)
                              .\CortexM3\ARM_GCC_541\Debug\InterruptRoutines.o (__aeabi_f2iz)
c:/program files (x86)/cypress/psoc creator/4.3/psoc creator/import/gnu/arm/5.4.1/bin/../lib/gcc/arm-none-eabi/5.4.1/../../../../arm-none-eabi/lib/armv7-m\libg_nano.a(lib_a-errno.o)
                              .\CortexM3\ARM_GCC_541\Debug\Cm3Start.o (__errno)
c:/program files (x86)/cypress/psoc creator/4.3/psoc creator/import/gnu/arm/5.4.1/bin/../lib/gcc/arm-none-eabi/5.4.1/../../../../arm-none-eabi/lib/armv7-m\libg_nano.a(lib_a-exit.o)
                              c:/program files (x86)/cypress/psoc creator/4.3/psoc creator/import/gnu/arm/5.4.1/bin/../lib/gcc/arm-none-eabi/5.4.1/../../../../arm-none-eabi/lib/armv7-m/crt0.o (exit)
c:/program files (x86)/cypress/psoc creator/4.3/psoc creator/import/gnu/arm/5.4.1/bin/../lib/gcc/arm-none-eabi/5.4.1/../../../../arm-none-eabi/lib/armv7-m\libg_nano.a(lib_a-impure.o)
                              c:/program files (x86)/cypress/psoc creator/4.3/psoc creator/import/gnu/arm/5.4.1/bin/../lib/gcc/arm-none-eabi/5.4.1/../../../../arm-none-eabi/lib/armv7-m\libg_nano.a(lib_a-exit.o) (_global_impure_ptr)
c:/program files (x86)/cypress/psoc creator/4.3/psoc creator/import/gnu/arm/5.4.1/bin/../lib/gcc/arm-none-eabi/5.4.1/../../../../arm-none-eabi/lib/armv7-m\libg_nano.a(lib_a-init.o)
                              c:/program files (x86)/cypress/psoc creator/4.3/psoc creator/import/gnu/arm/5.4.1/bin/../lib/gcc/arm-none-eabi/5.4.1/../../../../arm-none-eabi/lib/armv7-m/crt0.o (__libc_init_array)
c:/program files (x86)/cypress/psoc creator/4.3/psoc creator/import/gnu/arm/5.4.1/bin/../lib/gcc/arm-none-eabi/5.4.1/../../../../arm-none-eabi/lib/armv7-m\libg_nano.a(lib_a-memcpy-stub.o)
                              .\CortexM3\ARM_GCC_541\Debug\cyfitter_cfg.o (memcpy)
c:/program files (x86)/cypress/psoc creator/4.3/psoc creator/import/gnu/arm/5.4.1/bin/../lib/gcc/arm-none-eabi/5.4.1/../../../../arm-none-eabi/lib/armv7-m\libg_nano.a(lib_a-memset.o)
[...]
Memory Configuration

Name             Origin             Length             Attributes
rom              0x00000000         0x00040000         xr
ram              0x1fff8000         0x00010000         xrw
*default*        0x00000000         0xffffffff

Linker script and memory map

LOAD c:/program files (x86)/cypress/psoc creator/4.3/psoc creator/import/gnu/arm/5.4.1/bin/../lib/gcc/arm-none-eabi/5.4.1/armv7-m/crti.o
LOAD c:/program files (x86)/cypress/psoc creator/4.3/psoc creator/import/gnu/arm/5.4.1/bin/../lib/gcc/arm-none-eabi/5.4.1/armv7-m/crtbegin.o
LOAD c:/program files (x86)/cypress/psoc creator/4.3/psoc creator/import/gnu/arm/5.4.1/bin/../lib/gcc/arm-none-eabi/5.4.1/../../../../arm-none-eabi/lib/armv7-m/crt0.o
START GROUP
LOAD .\CortexM3\ARM_GCC_541\Debug\main.o
LOAD .\CortexM3\ARM_GCC_541\Debug\I2C_Interface.o
LOAD .\CortexM3\ARM_GCC_541\Debug\InterruptRoutines.o
LOAD .\CortexM3\ARM_GCC_541\Debug\DataConversion.o
LOAD .\CortexM3\ARM_GCC_541\Debug\cyfitter_cfg.o
LOAD .\CortexM3\ARM_GCC_541\Debug\cymetadata.o
LOAD .\CortexM3\ARM_GCC_541\Debug\Cm3Start.o
LOAD .\CortexM3\ARM_GCC_541\Debug\AY1920_II_HW_05_PROJ_3.a
LOAD C:\Program Files (x86)\Cypress\PSoC Creator\4.3\PSoC Creator\psoc\content\cycomponentlibrary\CyComponentLibrary.cylib\CortexM3\ARM_GCC_541\Debug\CyComponentLibrary.a
END GROUP
START GROUP
LOAD c:/program files (x86)/cypress/psoc creator/4.3/psoc creator/import/gnu/arm/5.4.1/bin/../lib/gcc/arm-none-eabi/5.4.1/armv7-m\libgcc.a
LOAD c:/program files (x86)/cypress/psoc creator/4.3/psoc creator/import/gnu/arm/5.4.1/bin/../lib/gcc/arm-none-eabi/5.4.1/../../../../arm-none-eabi/lib/armv7-m\libg_nano.a
LOAD c:/program files (x86)/cypress/psoc creator/4.3/psoc creator/import/gnu/arm/5.4.1/bin/../lib/gcc/arm-none-eabi/5.4.1/../../../../arm-none-eabi/lib/armv7-m\libc_nano.a
END GROUP
START GROUP
LOAD c:/program files (x86)/cypress/psoc creator/4.3/psoc creator/import/gnu/arm/5.4.1/bin/../lib/gcc/arm-none-eabi/5.4.1/armv7-m\libgcc.a
LOAD c:/program files (x86)/cypress/psoc creator/4.3/psoc creator/import/gnu/arm/5.4.1/bin/../lib/gcc/arm-none-eabi/5.4.1/../../../../arm-none-eabi/lib/armv7-m\libc_nano.a
END GROUP
LOAD c:/program files (x86)/cypress/psoc creator/4.3/psoc creator/import/gnu/arm/5.4.1/bin/../lib/gcc/arm-none-eabi/5.4.1/armv7-m/crtend.o
LOAD c:/program files (x86)/cypress/psoc creator/4.3/psoc creator/import/gnu/arm/5.4.1/bin/../lib/gcc/arm-none-eabi/5.4.1/armv7-m/crtn.o
START GROUP
LOAD c:/program files (x86)/cypress/psoc creator/4.3/psoc creator/import/gnu/arm/5.4.1/bin/../lib/gcc/arm-none-eabi/5.4.1/armv7-m\libgcc.a
LOAD c:/program files (x86)/cypress/psoc creator/4.3/psoc creator/import/gnu/arm/5.4.1/bin/../lib/gcc/arm-none-eabi/5.4.1/../../../../arm-none-eabi/lib/armv7-m\libc.a
LOAD c:/program files (x86)/cypress/psoc creator/4.3/psoc creator/import/gnu/arm/5.4.1/bin/../lib/gcc/arm-none-eabi/5.4.1/../../../../arm-none-eabi/lib/armv7-m\libnosys.a
END GROUP
                0x00000000                CY_APPL_ORIGIN = 0x0
                0x00000100                CY_FLASH_ROW_SIZE = 0x100
                0x00000020                CY_ECC_ROW_SIZE = 0x20
                0x00000000                CY_EE_IN_BTLDR = 0x0
                0x00000000                CY_APPL_LOADABLE = 0x0
                0x00000800                CY_EE_SIZE = 0x800
                0x00000001                CY_APPL_NUM = 0x1
                0x00000001                CY_APPL_MAX = 0x1
                0x00000040                CY_METADATA_SIZE = 0x40
                0x00000000                CY_APPL_LOADABLE = 0x0
                0x00000000                CY_CHECKSUM_EXCLUDE_SIZE = ALIGN (0x0, CY_FLASH_ROW_SIZE)
                [!provide]                PROVIDE (__cy_heap_start, _end)
                0x00000001                PROVIDE (__cy_region_num, ((__cy_regions_end - __cy_regions) / 0x10))
                0x20008000                PROVIDE (__cy_stack, (ORIGIN (ram) + LENGTH (ram)))
                [!provide]                PROVIDE (__cy_heap_end, (__cy_stack - 0x800))

.cybootloader   0x00000000        0x0
 *(.cybootloader)
                0x00000000                appl1_start = CY_APPL_ORIGIN?CY_APPL_ORIGIN:ALIGN (CY_FLASH_ROW_SIZE)
                0x0001ff00                appl2_start = (appl1_start + ALIGN ((((LENGTH (rom) - appl1_start) - (0x2 * CY_FLASH_ROW_SIZE)) / 0x2), CY_FLASH_ROW_SIZE))
                0x00000000                appl_start = (CY_APPL_NUM == 0x1)?appl1_start:appl2_start
                0x00000000                ecc_offset = ((appl_start / CY_FLASH_ROW_SIZE) * CY_ECC_ROW_SIZE)
                0x00000000                ee_offset = (CY_APPL_LOADABLE && ! (CY_EE_IN_BTLDR))?((CY_EE_SIZE / CY_APPL_MAX) * (CY_APPL_NUM - 0x1)):0x0
                0x00000800                ee_size = (CY_APPL_LOADABLE && ! (CY_EE_IN_BTLDR))?(CY_EE_SIZE / CY_APPL_MAX):CY_EE_SIZE
                [!provide]                PROVIDE (CY_ECC_OFFSET, ecc_offset)

.text           0x00000000     0x1db8
 CREATE_OBJECT_SYMBOLS
                0x00000000                PROVIDE (__cy_interrupt_vector, RomVectors)
 *(.romvectors)
 .romvectors    0x00000000       0x10 .\CortexM3\ARM_GCC_541\Debug\Cm3Start.o
                0x00000000                RomVectors
                0x00000001                ASSERT ((. != __cy_interrupt_vector), No interrupt vector)
                0x00000001                ASSERT (CY_APPL_ORIGIN?(SIZEOF (.cybootloader) <= CY_APPL_ORIGIN):0x1, Wrong image location)
                0x00000010                PROVIDE (__cy_reset, Reset)
 *(.text.Reset)
 .text.Reset    0x00000010       0x18 .\CortexM3\ARM_GCC_541\Debug\Cm3Start.o
                0x00000010                Reset
                0x00000001                ASSERT ((. != __cy_reset), No reset code)
 *(.dma_init)
                0x00000001                ASSERT ((((appl_start + .) <= 0x10000) || 0x1), DMA Init must be within the first 64k of flash)
 *(.text .text.* .gnu.linkonce.t.*)
 .text          0x00000028       0x5c c:/program files (x86)/cypress/psoc creator/4.3/psoc creator/import/gnu/arm/5.4.1/bin/../lib/gcc/arm-none-eabi/5.4.1/armv7-m/crtbegin.o
 .text.main     0x00000084      0x1e4 .\CortexM3\ARM_GCC_541\Debug\main.o
                0x00000084                main
 .text.I2C_Peripheral_Start
                0x00000268        0xc .\CortexM3\ARM_GCC_541\Debug\I2C_Interface.o
                0x00000268                I2C_Peripheral_Start
 .text.I2C_Peripheral_ReadRegister
                0x00000274       0x40 .\CortexM3\ARM_GCC_541\Debug\I2C_Interface.o
                0x00000274                I2C_Peripheral_ReadRegister
 .text.I2C_Peripheral_ReadRegisterMulti
                0x000002b4       0x64 .\CortexM3\ARM_GCC_541\Debug\I2C_Interface.o
                0x000002b4                I2C_Peripheral_ReadRegisterMulti
 .text.I2C_Peripheral_WriteRegister
                0x00000318       0x30 .\CortexM3\ARM_GCC_541\Debug\I2C_Interface.o
                0x00000318                I2C_Peripheral_WriteRegister
 .text.I2C_Peripheral_IsDeviceConnected
                0x00000348       0x18 .\CortexM3\ARM_GCC_541\Debug\I2C_Interface.o
                0x00000348                I2C_Peripheral_IsDeviceConnected
 .text.Custom_ISR_IMU
                0x00000360      0x100 .\CortexM3\ARM_GCC_541\Debug\InterruptRoutines.o
                0x00000360                Custom_ISR_IMU
 .text.RightAdjust
                0x00000460       0x10 .\CortexM3\ARM_GCC_541\Debug\DataConversion.o
                0x00000460                RightAdjust
 .text.MinMaxScaler
                0x00000470       0x44 .\CortexM3\ARM_GCC_541\Debug\DataConversion.o
                0x00000470                MinMaxScaler
 .text.ByteSelection
                0x000004b4        0x8 .\CortexM3\ARM_GCC_541\Debug\DataConversion.o
                0x000004b4                ByteSelection
 .text.CyClockStartupError
                0x000004bc        0x4 .\CortexM3\ARM_GCC_541\Debug\cyfitter_cfg.o
 .text.cfg_write_bytes32
                0x000004c0       0x34 .\CortexM3\ARM_GCC_541\Debug\cyfitter_cfg.o
 .text.AnalogSetDefault
                0x000004f4       0x28 .\CortexM3\ARM_GCC_541\Debug\cyfitter_cfg.o
 .text.CYMEMZERO
                0x0000051c        0xc .\CortexM3\ARM_GCC_541\Debug\cyfitter_cfg.o
 .text.ClockSetup
                0x00000528       0xc8 .\CortexM3\ARM_GCC_541\Debug\cyfitter_cfg.o
 .text.CYCONFIGCPY
                0x000005f0        0x8 .\CortexM3\ARM_GCC_541\Debug\cyfitter_cfg.o
 .text.cyfitter_cfg
                0x000005f8       0xfc .\CortexM3\ARM_GCC_541\Debug\cyfitter_cfg.o
                0x000005f8                cyfitter_cfg
 .text.IntDefaultHandler
                0x000006f4       0x10 .\CortexM3\ARM_GCC_541\Debug\Cm3Start.o
                0x000006f4                IntDefaultHandler
 .text._sbrk    0x00000704       0x30 .\CortexM3\ARM_GCC_541\Debug\Cm3Start.o
                0x00000704                _sbrk
 .text.Start_c  0x00000734       0x4c .\CortexM3\ARM_GCC_541\Debug\Cm3Start.o
                0x00000734                Start_c
 .text.initialize_psoc
                0x00000780       0x68 .\CortexM3\ARM_GCC_541\Debug\Cm3Start.o
                0x00000780                initialize_psoc
 .text.UART_Debug_Init
                0x000007e8       0x18 .\CortexM3\ARM_GCC_541\Debug\AY1920_II_HW_05_PROJ_3.a(UART_Debug.o)
                0x000007e8                UART_Debug_Init
 .text.UART_Debug_Enable
                0x00000800       0x24 .\CortexM3\ARM_GCC_541\Debug\AY1920_II_HW_05_PROJ_3.a(UART_Debug.o)
                0x00000800                UART_Debug_Enable
 .text.UART_Debug_Start
                0x00000824       0x1c .\CortexM3\ARM_GCC_541\Debug\AY1920_II_HW_05_PROJ_3.a(UART_Debug.o)
                0x00000824                UART_Debug_Start
 .text.UART_Debug_PutChar
                0x00000840       0x18 .\CortexM3\ARM_GCC_541\Debug\AY1920_II_HW_05_PROJ_3.a(UART_Debug.o)
                0x00000840                UART_Debug_PutChar
 .text.UART_Debug_PutString
                0x00000858       0x24 .\CortexM3\ARM_GCC_541\Debug\AY1920_II_HW_05_PROJ_3.a(UART_Debug.o)
                0x00000858                UART_Debug_PutString
 .text.UART_Debug_PutArray
                0x0000087c       0x28 .\CortexM3\ARM_GCC_541\Debug\AY1920_II_HW_05_PROJ_3.a(UART_Debug.o)
                0x0000087c                UART_Debug_PutArray
 .text.I2C_Master_Init
                0x000008a4       0x68 .\CortexM3\ARM_GCC_541\Debug\AY1920_II_HW_05_PROJ_3.a(I2C_Master.o)
                0x000008a4                I2C_Master_Init
 .text.I2C_Master_Enable
                0x0000090c       0x24 .\CortexM3\ARM_GCC_541\Debug\AY1920_II_HW_05_PROJ_3.a(I2C_Master.o)
                0x0000090c                I2C_Master_Enable
 .text.I2C_Master_Start
                0x00000930       0x28 .\CortexM3\ARM_GCC_541\Debug\AY1920_II_HW_05_PROJ_3.a(I2C_Master.o)
                0x00000930                I2C_Master_Start
 .text.I2C_Master_ISR
                0x00000958      0x2d0 .\CortexM3\ARM_GCC_541\Debug\AY1920_II_HW_05_PROJ_3.a(I2C_Master_INT.o)
                0x00000958                I2C_Master_ISR
 .text.I2C_Master_MasterSendStart
                0x00000c28       0x80 .\CortexM3\ARM_GCC_541\Debug\AY1920_II_HW_05_PROJ_3.a(I2C_Master_MASTER.o)
                0x00000c28                I2C_Master_MasterSendStart
 .text.I2C_Master_MasterSendRestart
                0x00000ca8       0x6c .\CortexM3\ARM_GCC_541\Debug\AY1920_II_HW_05_PROJ_3.a(I2C_Master_MASTER.o)
                0x00000ca8                I2C_Master_MasterSendRestart
 .text.I2C_Master_MasterSendStop
                0x00000d14       0x38 .\CortexM3\ARM_GCC_541\Debug\AY1920_II_HW_05_PROJ_3.a(I2C_Master_MASTER.o)
                0x00000d14                I2C_Master_MasterSendStop
 .text.I2C_Master_MasterWriteByte
                0x00000d4c       0x58 .\CortexM3\ARM_GCC_541\Debug\AY1920_II_HW_05_PROJ_3.a(I2C_Master_MASTER.o)
                0x00000d4c                I2C_Master_MasterWriteByte
 .text.I2C_Master_MasterReadByte
                0x00000da4       0x58 .\CortexM3\ARM_GCC_541\Debug\AY1920_II_HW_05_PROJ_3.a(I2C_Master_MASTER.o)
                0x00000da4                I2C_Master_MasterReadByte
 .text.UART_Debug_IntClock_Start
                0x00000dfc       0x1c .\CortexM3\ARM_GCC_541\Debug\AY1920_II_HW_05_PROJ_3.a(UART_Debug_IntClock.o)
                0x00000dfc                UART_Debug_IntClock_Start
 .text.CyHalt   0x00000e18        0x4 .\CortexM3\ARM_GCC_541\Debug\AY1920_II_HW_05_PROJ_3.a(CyLib.o)
                0x00000e18                CyHalt
 .text.CyDelay  0x00000e1c       0x2c .\CortexM3\ARM_GCC_541\Debug\AY1920_II_HW_05_PROJ_3.a(CyLib.o)
                0x00000e1c                CyDelay
 .text.CyIntSetVector
                0x00000e48       0x28 .\CortexM3\ARM_GCC_541\Debug\AY1920_II_HW_05_PROJ_3.a(CyLib.o)
                0x00000e48                CyIntSetVector
 .text.CyIntSetPriority
                0x00000e70       0x30 .\CortexM3\ARM_GCC_541\Debug\AY1920_II_HW_05_PROJ_3.a(CyLib.o)
                0x00000e70                CyIntSetPriority
 .text.Timer_ISR_Enable
                0x00000ea0       0x28 .\CortexM3\ARM_GCC_541\Debug\AY1920_II_HW_05_PROJ_3.a(Timer_ISR.o)
                0x00000ea0                Timer_ISR_Enable
 .text.Timer_ISR_SetInterruptMode
                0x00000ec8        0xc .\CortexM3\ARM_GCC_541\Debug\AY1920_II_HW_05_PROJ_3.a(Timer_ISR.o)
                0x00000ec8                Timer_ISR_SetInterruptMode
 .text.Timer_ISR_ReadStatusRegister
                0x00000ed4        0xc .\CortexM3\ARM_GCC_541\Debug\AY1920_II_HW_05_PROJ_3.a(Timer_ISR.o)
                0x00000ed4                Timer_ISR_ReadStatusRegister
 .text.Timer_ISR_WritePeriod
                0x00000ee0        0xc .\CortexM3\ARM_GCC_541\Debug\AY1920_II_HW_05_PROJ_3.a(Timer_ISR.o)
                0x00000ee0                Timer_ISR_WritePeriod
 .text.Timer_ISR_WriteCounter
                0x00000eec        0xc .\CortexM3\ARM_GCC_541\Debug\AY1920_II_HW_05_PROJ_3.a(Timer_ISR.o)
                0x00000eec                Timer_ISR_WriteCounter
 .text.Timer_ISR_Init
                0x00000ef8       0x64 .\CortexM3\ARM_GCC_541\Debug\AY1920_II_HW_05_PROJ_3.a(Timer_ISR.o)
                0x00000ef8                Timer_ISR_Init
 .text.Timer_ISR_Start
                0x00000f5c       0x1c .\CortexM3\ARM_GCC_541\Debug\AY1920_II_HW_05_PROJ_3.a(Timer_ISR.o)
                0x00000f5c                Timer_ISR_Start
 .text.ISR_IMU_SetVector
                0x00000f78        0xc .\CortexM3\ARM_GCC_541\Debug\AY1920_II_HW_05_PROJ_3.a(ISR_IMU.o)
                0x00000f78                ISR_IMU_SetVector
 .text.ISR_IMU_SetPriority
                0x00000f84       0x10 .\CortexM3\ARM_GCC_541\Debug\AY1920_II_HW_05_PROJ_3.a(ISR_IMU.o)
                0x00000f84                ISR_IMU_SetPriority
 .text.ISR_IMU_Enable
                0x00000f94        0xc .\CortexM3\ARM_GCC_541\Debug\AY1920_II_HW_05_PROJ_3.a(ISR_IMU.o)
                0x00000f94                ISR_IMU_Enable
 .text.ISR_IMU_Disable
                0x00000fa0        0xc .\CortexM3\ARM_GCC_541\Debug\AY1920_II_HW_05_PROJ_3.a(ISR_IMU.o)
                0x00000fa0                ISR_IMU_Disable
 .text.ISR_IMU_StartEx
                0x00000fac       0x1c .\CortexM3\ARM_GCC_541\Debug\AY1920_II_HW_05_PROJ_3.a(ISR_IMU.o)
                0x00000fac                ISR_IMU_StartEx
 .text          0x00000fc8       0x20 .\CortexM3\ARM_GCC_541\Debug\AY1920_II_HW_05_PROJ_3.a(CyBootAsmGnu.o)
                0x00000fc8                CyDelayCycles
                0x00000fd8                CyEnterCriticalSection
                0x00000fe0                CyExitCriticalSection
 .text          0x00000fe8      0x21c c:/program files (x86)/cypress/psoc creator/4.3/psoc creator/import/gnu/arm/5.4.1/bin/../lib/gcc/arm-none-eabi/5.4.1/armv7-m\libgcc.a(_arm_addsubsf3.o)
                0x00000fe8                __aeabi_frsub
                0x00000ff0                __subsf3
                0x00000ff0                __aeabi_fsub
                0x00000ff4                __aeabi_fadd
                0x00000ff4                __addsf3
                0x00001154                __aeabi_ui2f
                0x00001154                __floatunsisf
                0x0000115c                __aeabi_i2f
                0x0000115c                __floatsisf
                0x00001178                __aeabi_ul2f
                0x00001178                __floatundisf
                0x00001188                __aeabi_l2f
                0x00001188                __floatdisf
 .text          0x00001204      0x2a0 c:/program files (x86)/cypress/psoc creator/4.3/psoc creator/import/gnu/arm/5.4.1/bin/../lib/gcc/arm-none-eabi/5.4.1/armv7-m\libgcc.a(_arm_muldivsf3.o)
                0x00001204                __mulsf3
                0x00001204                __aeabi_fmul
                0x0000136c                __aeabi_fdiv
                0x0000136c                __divsf3
 .text          0x000014a4       0x4c c:/program files (x86)/cypress/psoc creator/4.3/psoc creator/import/gnu/arm/5.4.1/bin/../lib/gcc/arm-none-eabi/5.4.1/armv7-m\libgcc.a(_arm_fixsfsi.o)
                0x000014a4                __aeabi_f2iz
                0x000014a4                __fixsfsi
 .text.__errno  0x000014f0        0xc c:/program files (x86)/cypress/psoc creator/4.3/psoc creator/import/gnu/arm/5.4.1/bin/../lib/gcc/arm-none-eabi/5.4.1/../../../../arm-none-eabi/lib/armv7-m\libg_nano.a(lib_a-errno.o)
                0x000014f0                __errno
 .text.__libc_init_array
                0x000014fc       0x4c c:/program files (x86)/cypress/psoc creator/4.3/psoc creator/import/gnu/arm/5.4.1/bin/../lib/gcc/arm-none-eabi/5.4.1/../../../../arm-none-eabi/lib/armv7-m\libg_nano.a(lib_a-init.o)
                0x000014fc                __libc_init_array
 .text.memcpy   0x00001548       0x16 c:/program files (x86)/cypress/psoc creator/4.3/psoc creator/import/gnu/arm/5.4.1/bin/../lib/gcc/arm-none-eabi/5.4.1/../../../../arm-none-eabi/lib/armv7-m\libg_nano.a(lib_a-memcpy-stub.o)
                0x00001548                memcpy
 .text.memset   0x0000155e       0x10 c:/program files (x86)/cypress/psoc creator/4.3/psoc creator/import/gnu/arm/5.4.1/bin/../lib/gcc/arm-none-eabi/5.4.1/../../../../arm-none-eabi/lib/armv7-m\libg_nano.a(lib_a-memset.o)
                0x0000155e                memset
 *fill*         0x0000156e        0x2 
 .text.sprintf  0x00001570       0x48 c:/program files (x86)/cypress/psoc creator/4.3/psoc creator/import/gnu/arm/5.4.1/bin/../lib/gcc/arm-none-eabi/5.4.1/../../../../arm-none-eabi/lib/armv7-m\libg_nano.a(lib_a-sprintf.o)
                0x00001570                siprintf
                0x00001570                sprintf
 .text.__ssputs_r
                0x000015b8       0xb2 c:/program files (x86)/cypress/psoc creator/4.3/psoc creator/import/gnu/arm/5.4.1/bin/../lib/gcc/arm-none-eabi/5.4.1/../../../../arm-none-eabi/lib/armv7-m\libg_nano.a(lib_a-nano-svfprintf.o)
                0x000015b8                __ssputs_r
 *fill*         0x0000166a        0x2 
 .text._svfprintf_r
                0x0000166c      0x1e8 c:/program files (x86)/cypress/psoc creator/4.3/psoc creator/import/gnu/arm/5.4.1/bin/../lib/gcc/arm-none-eabi/5.4.1/../../../../arm-none-eabi/lib/armv7-m\libg_nano.a(lib_a-nano-svfprintf.o)
                0x0000166c                _svfiprintf_r
                0x0000166c                _svfprintf_r
 .text._printf_common
                0x00001854       0xec c:/program files (x86)/cypress/psoc creator/4.3/psoc creator/import/gnu/arm/5.4.1/bin/../lib/gcc/arm-none-eabi/5.4.1/../../../../arm-none-eabi/lib/armv7-m\libg_nano.a(lib_a-nano-vfprintf_i.o)
                0x00001854                _printf_common
 .text._printf_i
                0x00001940      0x24c c:/program files (x86)/cypress/psoc creator/4.3/psoc creator/import/gnu/arm/5.4.1/bin/../lib/gcc/arm-none-eabi/5.4.1/../../../../arm-none-eabi/lib/armv7-m\libg_nano.a(lib_a-nano-vfprintf_i.o)
                0x00001940                _printf_i
 .text.memchr   0x00001b8c       0x1c c:/program files (x86)/cypress/psoc creator/4.3/psoc creator/import/gnu/arm/5.4.1/bin/../lib/gcc/arm-none-eabi/5.4.1/../../../../arm-none-eabi/lib/armv7-m\libg_nano.a(lib_a-memchr-stub.o)
                0x00001b8c                memchr
 .text.memmove  0x00001ba8       0x36 c:/program files (x86)/cypress/psoc creator/4.3/psoc creator/import/gnu/arm/5.4.1/bin/../lib/gcc/arm-none-eabi/5.4.1/../../../../arm-none-eabi/lib/armv7-m\libg_nano.a(lib_a-memmove.o)
                0x00001ba8                memmove
 *fill*         0x00001bde        0x2 
 .text._free_r  0x00001be0       0x98 c:/program files (x86)/cypress/psoc creator/4.3/psoc creator/import/gnu/arm/5.4.1/bin/../lib/gcc/arm-none-eabi/5.4.1/../../../../arm-none-eabi/lib/armv7-m\libg_nano.a(lib_a-nano-freer.o)
                0x00001be0                _free_r
 .text._malloc_r
                0x00001c78       0xbc c:/program files (x86)/cypress/psoc creator/4.3/psoc creator/import/gnu/arm/5.4.1/bin/../lib/gcc/arm-none-eabi/5.4.1/../../../../arm-none-eabi/lib/armv7-m\libg_nano.a(lib_a-nano-mallocr.o)
                0x00001c78                _malloc_r
 .text._realloc_r
                0x00001d34       0x4c c:/program files (x86)/cypress/psoc creator/4.3/psoc creator/import/gnu/arm/5.4.1/bin/../lib/gcc/arm-none-eabi/5.4.1/../../../../arm-none-eabi/lib/armv7-m\libg_nano.a(lib_a-nano-reallocr.o)
                0x00001d34                _realloc_r
 .text._sbrk_r  0x00001d80       0x20 c:/program files (x86)/cypress/psoc creator/4.3/psoc creator/import/gnu/arm/5.4.1/bin/../lib/gcc/arm-none-eabi/5.4.1/../../../../arm-none-eabi/lib/armv7-m\libg_nano.a(lib_a-sbrkr.o)
                0x00001d80                _sbrk_r
 .text.__malloc_lock
                0x00001da0        0x2 c:/program files (x86)/cypress/psoc creator/4.3/psoc creator/import/gnu/arm/5.4.1/bin/../lib/gcc/arm-none-eabi/5.4.1/../../../../arm-none-eabi/lib/armv7-m\libg_nano.a(lib_a-mlock.o)
                0x00001da0                __malloc_lock
 .text.__malloc_unlock
                0x00001da2        0x2 c:/program files (x86)/cypress/psoc creator/4.3/psoc creator/import/gnu/arm/5.4.1/bin/../lib/gcc/arm-none-eabi/5.4.1/../../../../arm-none-eabi/lib/armv7-m\libg_nano.a(lib_a-mlock.o)
                0x00001da2                __malloc_unlock
 .text._malloc_usable_size_r
                0x00001da4       0x14 c:/program files (x86)/cypress/psoc creator/4.3/psoc creator/import/gnu/arm/5.4.1/bin/../lib/gcc/arm-none-eabi/5.4.1/../../../../arm-none-eabi/lib/armv7-m\libg_nano.a(lib_a-nano-msizer.o)
                0x00001da4                _malloc_usable_size_r
 *(.plt)
 *(.gnu.warning)
 *(.glue_7t)
 .glue_7t       0x00001db8        0x0 linker stubs
 *(.glue_7)
 .glue_7        0x00001db8        0x0 linker stubs
 *(.vfp11_veneer)
 .vfp11_veneer  0x00001db8        0x0 linker stubs
 *(.bootloader)
 *(.ARM.extab* .gnu.linkonce.armextab.*)
 *(.gcc_except_table)

.v4_bx          0x00001db8        0x0
 .v4_bx         0x00001db8        0x0 linker stubs

.iplt           0x00001db8        0x0
 .iplt          0x00001db8        0x0 c:/program files (x86)/cypress/psoc creator/4.3/psoc creator/import/gnu/arm/5.4.1/bin/../lib/gcc/arm-none-eabi/5.4.1/armv7-m/crtbegin.o

.eh_frame_hdr
 *(.eh_frame_hdr)

.eh_frame       0x00001db8        0x4
 *(.eh_frame)
 .eh_frame      0x00001db8        0x0 c:/program files (x86)/cypress/psoc creator/4.3/psoc creator/import/gnu/arm/5.4.1/bin/../lib/gcc/arm-none-eabi/5.4.1/armv7-m/crtbegin.o
 .eh_frame      0x00001db8        0x4 c:/program files (x86)/cypress/psoc creator/4.3/psoc creator/import/gnu/arm/5.4.1/bin/../lib/gcc/arm-none-eabi/5.4.1/armv7-m/crtend.o
                [!provide]                PROVIDE (__exidx_start, .)

.ARM.exidx
 *(.ARM.exidx* .gnu.linkonce.armexidx.*)
                0x00001dbc                __exidx_end = .

.rodata         0x00001dbc      0x32c
 *(.rodata .rodata.* .gnu.linkonce.r.*)
 .rodata.str1.4
                0x00001dbc      0x278 .\CortexM3\ARM_GCC_541\Debug\main.o
                                0x275 (size before relaxing)
 .rodata        0x00002034       0x46 .\CortexM3\ARM_GCC_541\Debug\cyfitter_cfg.o
 .rodata.str1.1
                0x0000207a        0x2 c:/program files (x86)/cypress/psoc creator/4.3/psoc creator/import/gnu/arm/5.4.1/bin/../lib/gcc/arm-none-eabi/5.4.1/../../../../arm-none-eabi/lib/armv7-m\libg_nano.a(lib_a-impure.o)
 .rodata.str1.1
                0x0000207c       0x11 c:/program files (x86)/cypress/psoc creator/4.3/psoc creator/import/gnu/arm/5.4.1/bin/../lib/gcc/arm-none-eabi/5.4.1/../../../../arm-none-eabi/lib/armv7-m\libg_nano.a(lib_a-nano-svfprintf.o)
 .rodata.str1.1
                0x0000208d       0x22 c:/program files (x86)/cypress/psoc creator/4.3/psoc creator/import/gnu/arm/5.4.1/bin/../lib/gcc/arm-none-eabi/5.4.1/../../../../arm-none-eabi/lib/armv7-m\libg_nano.a(lib_a-nano-vfprintf_i.o)
                0x000020b0                . = ALIGN (0x4)
 *fill*         0x000020af        0x1 
 *(.init)
 .init          0x000020b0        0x4 c:/program files (x86)/cypress/psoc creator/4.3/psoc creator/import/gnu/arm/5.4.1/bin/../lib/gcc/arm-none-eabi/5.4.1/armv7-m/crti.o
                0x000020b0                _init
 .init          0x000020b4        0x8 c:/program files (x86)/cypress/psoc creator/4.3/psoc creator/import/gnu/arm/5.4.1/bin/../lib/gcc/arm-none-eabi/5.4.1/armv7-m/crtn.o
                0x000020bc                . = ALIGN (0x4)
                0x000020bc                __preinit_array_start = .
 *(.preinit_array)
                0x000020bc                __preinit_array_end = .
                0x000020bc                . = ALIGN (0x4)
                0x000020bc                __init_array_start = .
 *(SORT(.init_array.*))
 *(.init_array)
 .init_array    0x000020bc        0x4 c:/program files (x86)/cypress/psoc creator/4.3/psoc creator/import/gnu/arm/5.4.1/bin/../lib/gcc/arm-none-eabi/5.4.1/armv7-m/crtbegin.o
 .init_array    0x000020c0        0x4 .\CortexM3\ARM_GCC_541\Debug\Cm3Start.o
                0x000020c4                __init_array_end = .
                0x000020c4                . = ALIGN (0x4)
 *(.fini)
 .fini          0x000020c4        0x4 c:/program files (x86)/cypress/psoc creator/4.3/psoc creator/import/gnu/arm/5.4.1/bin/../lib/gcc/arm-none-eabi/5.4.1/armv7-m/crti.o
                0x000020c4                _fini
 .fini          0x000020c8        0x8 c:/program files (x86)/cypress/psoc creator/4.3/psoc creator/import/gnu/arm/5.4.1/bin/../lib/gcc/arm-none-eabi/5.4.1/armv7-m/crtn.o
                0x000020d0                . = ALIGN (0x4)
                0x000020d0                __fini_array_start = .
 *(.fini_array)
 .fini_array    0x000020d0        0x4 c:/program files (x86)/cypress/psoc creator/4.3/psoc creator/import/gnu/arm/5.4.1/bin/../lib/gcc/arm-none-eabi/5.4.1/armv7-m/crtbegin.o
 *(SORT(.fini_array.*))
                0x000020d4                __fini_array_end = .
                0x000020d4                . = ALIGN (0x4)
 *crtbegin.o(.ctors)
 *(EXCLUDE_FILE(*crtend.o) .ctors)
 *(SORT(.ctors.*))
 *crtend.o(.ctors)
                0x000020d4                . = ALIGN (0x4)
 *crtbegin.o(.dtors)
 *(EXCLUDE_FILE(*crtend.o) .dtors)
 *(SORT(.dtors.*))
 *crtend.o(.dtors)
                0x000020d4                . = ALIGN (0x4)
                0x000020d4                __cy_regions = .
                0x000020d4        0x4 LONG 0x20e8 __cy_region_init_ram
                0x000020d8        0x4 LONG 0x1fff80c8 __cy_region_start_data
                0x000020dc        0x4 LONG 0x80 __cy_region_init_size_ram
                0x000020e0        0x4 LONG 0x68 __cy_region_zero_size_ram
                0x000020e4                __cy_regions_end = .
                0x000020e8                . = ALIGN (0x8)
 *fill*         0x000020e4        0x4 
                0x000020e8                _etext = .

.cy_checksum_exclude
                0x000020e8        0x0
 *(.cy_checksum_exclude)

.ramvectors     0x1fff8000       0xc0
                0x1fff8000                __cy_region_start_ram = .
 *(.ramvectors)
 .ramvectors    0x1fff8000       0xc0 .\CortexM3\ARM_GCC_541\Debug\Cm3Start.o
                0x1fff8000                CyRamVectors

.noinit         0x1fff80c0        0x1
 *(.noinit)
 .noinit        0x1fff80c0        0x1 .\CortexM3\ARM_GCC_541\Debug\AY1920_II_HW_05_PROJ_3.a(CyLib.o)
                0x1fff80c0                CyResetStatus

.data           0x1fff80c8       0x80 load address 0x000020e8
                0x1fff80c8                __cy_region_start_data = .
 *(.jcr)
 .jcr           0x1fff80c8        0x0 c:/program files (x86)/cypress/psoc creator/4.3/psoc creator/import/gnu/arm/5.4.1/bin/../lib/gcc/arm-none-eabi/5.4.1/armv7-m/crtbegin.o
 .jcr           0x1fff80c8        0x4 c:/program files (x86)/cypress/psoc creator/4.3/psoc creator/import/gnu/arm/5.4.1/bin/../lib/gcc/arm-none-eabi/5.4.1/armv7-m/crtend.o
 *(.got.plt)
 *(.got)
 *(.shdata)
 *(.data .data.* .gnu.linkonce.d.*)
 .data          0x1fff80cc        0x4 .\CortexM3\ARM_GCC_541\Debug\Cm3Start.o
 .data          0x1fff80d0       0x10 .\CortexM3\ARM_GCC_541\Debug\AY1920_II_HW_05_PROJ_3.a(CyLib.o)
                0x1fff80d0                cydelay_32k_ms
                0x1fff80d4                cydelay_freq_khz
                0x1fff80d8                cydelay_freq_mhz
                0x1fff80dc                cydelay_freq_hz
 .data.impure_data
                0x1fff80e0       0x60 c:/program files (x86)/cypress/psoc creator/4.3/psoc creator/import/gnu/arm/5.4.1/bin/../lib/gcc/arm-none-eabi/5.4.1/../../../../arm-none-eabi/lib/armv7-m\libg_nano.a(lib_a-impure.o)
 .data._impure_ptr
                0x1fff8140        0x4 c:/program files (x86)/cypress/psoc creator/4.3/psoc creator/import/gnu/arm/5.4.1/bin/../lib/gcc/arm-none-eabi/5.4.1/../../../../arm-none-eabi/lib/armv7-m\libg_nano.a(lib_a-impure.o)
                0x1fff8140                _impure_ptr
                0x1fff8148                . = ALIGN (0x8)
 *fill*         0x1fff8144        0x4 
 *(.ram)
                0x1fff8148                _edata = .

.igot.plt       0x1fff8148        0x0 load address 0x00002168
 .igot.plt      0x1fff8148        0x0 c:/program files (x86)/cypress/psoc creator/4.3/psoc creator/import/gnu/arm/5.4.1/bin/../lib/gcc/arm-none-eabi/5.4.1/armv7-m/crtbegin.o

.bss            0x1fff8148       0x68 load address 0x00002168
                0x1fff8148                PROVIDE (__bss_start__, .)
 *(.shbss)
 *(.bss .bss.* .gnu.linkonce.b.*)
 .bss           0x1fff8148       0x1c c:/program files (x86)/cypress/psoc creator/4.3/psoc creator/import/gnu/arm/5.4.1/bin/../lib/gcc/arm-none-eabi/5.4.1/armv7-m/crtbegin.o
 .bss           0x1fff8164        0x2 .\CortexM3\ARM_GCC_541\Debug\AY1920_II_HW_05_PROJ_3.a(UART_Debug.o)
                0x1fff8164                UART_Debug_initVar
 .bss           0x1fff8166        0x1 .\CortexM3\ARM_GCC_541\Debug\AY1920_II_HW_05_PROJ_3.a(I2C_Master.o)
                0x1fff8166                I2C_Master_initVar
 .bss           0x1fff8167        0x1 .\CortexM3\ARM_GCC_541\Debug\AY1920_II_HW_05_PROJ_3.a(Timer_ISR.o)
                0x1fff8167                Timer_ISR_initVar
 .bss.__malloc_sbrk_start
                0x1fff8168        0x4 c:/program files (x86)/cypress/psoc creator/4.3/psoc creator/import/gnu/arm/5.4.1/bin/../lib/gcc/arm-none-eabi/5.4.1/../../../../arm-none-eabi/lib/armv7-m\libg_nano.a(lib_a-nano-mallocr.o)
                0x1fff8168                __malloc_sbrk_start
 .bss.__malloc_free_list
                0x1fff816c        0x4 c:/program files (x86)/cypress/psoc creator/4.3/psoc creator/import/gnu/arm/5.4.1/bin/../lib/gcc/arm-none-eabi/5.4.1/../../../../arm-none-eabi/lib/armv7-m\libg_nano.a(lib_a-nano-mallocr.o)
                0x1fff816c                __malloc_free_list
 *(COMMON)
 COMMON         0x1fff8170        0xf .\CortexM3\ARM_GCC_541\Debug\main.o
                0x1fff8170                dataBuffer
                0x1fff817e                PacketReadyFlag
 *fill*         0x1fff817f        0x1 
 COMMON         0x1fff8180       0x1a .\CortexM3\ARM_GCC_541\Debug\InterruptRoutines.o
                0x1fff8180                register_block
                0x1fff8182                tmpAxis
                0x1fff8184                tmpBuffer
                0x1fff8190                tmpFloat
                0x1fff8194                tmpInt
                0x1fff8198                status_register
                0x1fff8199                error
 COMMON         0x1fff819a        0x1 .\CortexM3\ARM_GCC_541\Debug\AY1920_II_HW_05_PROJ_3.a(I2C_Master.o)
                0x1fff819a                I2C_Master_state
 *fill*         0x1fff819b        0x1 
 COMMON         0x1fff819c        0xf .\CortexM3\ARM_GCC_541\Debug\AY1920_II_HW_05_PROJ_3.a(I2C_Master_MASTER.o)
                0x1fff819c                I2C_Master_mstrRdBufIndex
                0x1fff819d                I2C_Master_mstrWrBufIndex
                0x1fff819e                I2C_Master_mstrWrBufSize
                0x1fff81a0                I2C_Master_mstrWrBufPtr
                0x1fff81a4                I2C_Master_mstrRdBufPtr
                0x1fff81a8                I2C_Master_mstrControl
                0x1fff81a9                I2C_Master_mstrStatus
                0x1fff81aa                I2C_Master_mstrRdBufSize
 *fill*         0x1fff81ab        0x1 
 COMMON         0x1fff81ac        0x4 c:/program files (x86)/cypress/psoc creator/4.3/psoc creator/import/gnu/arm/5.4.1/bin/../lib/gcc/arm-none-eabi/5.4.1/../../../../arm-none-eabi/lib/armv7-m\libg_nano.a(lib_a-reent.o)
                0x1fff81ac                errno
                0x1fff81b0                . = ALIGN (0x8)
 *(.ram.b)
                0x1fff81b0                _end = .
                0x1fff81b0                __end = .
                0x1fff81b0                PROVIDE (end, .)
                0x1fff81b0                PROVIDE (__bss_end__, .)
                0x000020e8                __cy_region_init_ram = LOADADDR (.data)
                0x00000080                __cy_region_init_size_ram = (_edata - ADDR (.data))
                0x00000068                __cy_region_zero_size_ram = (_end - _edata)

.heap           0x1fff81b0       0x80 load address 0x00002168
                0x1fff81b0                . = _end
                0x1fff8230                . = (. + 0x80)
 *fill*         0x1fff81b0       0x80 
                0x1fff8230                __cy_heap_limit = .

.stack          0x20007800      0x800
                0x20007800                __cy_stack_limit = .
                0x20008000                . = (. + 0x800)
 *fill*         0x20007800      0x800 
                0x00000001                ASSERT ((__cy_stack_limit >= __cy_heap_limit), region RAM overflowed with stack)
                0x00000000                cy_checksum_exclude_size = (CY_APPL_LOADABLE == 0x1)?SIZEOF (.cy_checksum_exclude):0x0
                0x00000001                ASSERT ((cy_checksum_exclude_size <= CY_CHECKSUM_EXCLUDE_SIZE), CY_BOOT: Section .cy_checksum_exclude size exceedes specified limit.)

.cyloadermeta
 *(.cyloadermeta)

.cyloadablemeta
 *(.cyloadablemeta)

.cyconfigecc    0x80000000      0x204
 *(.cyconfigecc)
 .cyconfigecc   0x80000000      0x204 .\CortexM3\ARM_GCC_541\Debug\cymetadata.o
                0x80000000                cy_meta_configecc

.cycustnvl      0x90000000        0x4
 *(.cycustnvl)
 .cycustnvl     0x90000000        0x4 .\CortexM3\ARM_GCC_541\Debug\cymetadata.o
                0x90000000                cy_meta_custnvl

.cywolatch      0x90100000        0x4
 *(.cywolatch)
 .cywolatch     0x90100000        0x4 .\CortexM3\ARM_GCC_541\Debug\cymetadata.o
                0x90100000                cy_meta_wonvl

.cyeeprom       0x90200000        0x0
 *(.cyeeprom)
                0x00000001                ASSERT ((. <= ((0x90200000 + ee_offset) + ee_size)), .cyeeprom data will not fit in EEPROM)

.cyflashprotect
                0x90400000      0x100
 *(.cyflashprotect)
 .cyflashprotect
                0x90400000      0x100 .\CortexM3\ARM_GCC_541\Debug\cymetadata.o
                0x90400000                cy_meta_flashprotect

.cymeta         0x90500000        0xc
 *(.cymeta)
 .cymeta        0x90500000        0xc .\CortexM3\ARM_GCC_541\Debug\cymetadata.o
                0x90500000                cy_metadata

.rel.dyn        0x00002168        0x0 load address 0x9050000c
 .rel.iplt      0x00002168        0x0 c:/program files (x86)/cypress/psoc creator/4.3/psoc creator/import/gnu/arm/5.4.1/bin/../lib/gcc/arm-none-eabi/5.4.1/armv7-m/crtbegin.o

.stab
 *(.stab)

.stabstr
 *(.stabstr)

.debug
 *(.debug)

.line
 *(.line)

.debug_srcinfo
 *(.debug_srcinfo)

.debug_sfnames
 *(.debug_sfnames)

.debug_aranges  0x00000000      0x900
 *(.debug_aranges)
 .debug_aranges
                0x00000000       0x20 .\CortexM3\ARM_GCC_541\Debug\main.o
 .debug_aranges
                0x00000020       0x50 .\CortexM3\ARM_GCC_541\Debug\I2C_Interface.o
 .debug_aranges
                0x00000070       0x20 .\CortexM3\ARM_GCC_541\Debug\InterruptRoutines.o
 .debug_aranges
                0x00000090       0x30 .\CortexM3\ARM_GCC_541\Debug\DataConversion.o
 .debug_aranges
                0x000000c0       0x58 .\CortexM3\ARM_GCC_541\Debug\cyfitter_cfg.o
 .debug_aranges
                0x00000118       0x18 .\CortexM3\ARM_GCC_541\Debug\cymetadata.o
 .debug_aranges
                0x00000130       0x48 .\CortexM3\ARM_GCC_541\Debug\Cm3Start.o
 .debug_aranges
                0x00000178       0xa0 .\CortexM3\ARM_GCC_541\Debug\AY1920_II_HW_05_PROJ_3.a(UART_Debug.o)
 .debug_aranges
                0x00000218       0x38 .\CortexM3\ARM_GCC_541\Debug\AY1920_II_HW_05_PROJ_3.a(I2C_Master.o)
 .debug_aranges
                0x00000250       0x20 .\CortexM3\ARM_GCC_541\Debug\AY1920_II_HW_05_PROJ_3.a(I2C_Master_INT.o)
 .debug_aranges
                0x00000270       0x38 .\CortexM3\ARM_GCC_541\Debug\AY1920_II_HW_05_PROJ_3.a(I2C_Master_PM.o)
 .debug_aranges
                0x000002a8       0x80 .\CortexM3\ARM_GCC_541\Debug\AY1920_II_HW_05_PROJ_3.a(I2C_Master_MASTER.o)
 .debug_aranges
                0x00000328       0x70 .\CortexM3\ARM_GCC_541\Debug\AY1920_II_HW_05_PROJ_3.a(UART_Debug_IntClock.o)
 .debug_aranges
                0x00000398      0x2a0 .\CortexM3\ARM_GCC_541\Debug\AY1920_II_HW_05_PROJ_3.a(CyLib.o)
 .debug_aranges
                0x00000638       0x98 .\CortexM3\ARM_GCC_541\Debug\AY1920_II_HW_05_PROJ_3.a(cyPm.o)
 .debug_aranges
                0x000006d0       0x88 .\CortexM3\ARM_GCC_541\Debug\AY1920_II_HW_05_PROJ_3.a(Timer_ISR.o)
 .debug_aranges
                0x00000758       0x80 .\CortexM3\ARM_GCC_541\Debug\AY1920_II_HW_05_PROJ_3.a(ISR_IMU.o)
 .debug_aranges
                0x000007d8       0x20 .\CortexM3\ARM_GCC_541\Debug\AY1920_II_HW_05_PROJ_3.a(CyBootAsmGnu.o)
 .debug_aranges
                0x000007f8       0x88 .\CortexM3\ARM_GCC_541\Debug\AY1920_II_HW_05_PROJ_3.a(CyFlash.o)
 .debug_aranges
                0x00000880       0x80 .\CortexM3\ARM_GCC_541\Debug\AY1920_II_HW_05_PROJ_3.a(CySpc.o)

.debug_pubnames
 *(.debug_pubnames)

.debug_info     0x00000000     0x59f7
 *(.debug_info .gnu.linkonce.wi.*)
 .debug_info    0x00000000      0x5e2 .\CortexM3\ARM_GCC_541\Debug\main.o
 .debug_info    0x000005e2      0x4ed .\CortexM3\ARM_GCC_541\Debug\I2C_Interface.o
 .debug_info    0x00000acf      0x2d4 .\CortexM3\ARM_GCC_541\Debug\InterruptRoutines.o
 .debug_info    0x00000da3      0x1a7 .\CortexM3\ARM_GCC_541\Debug\DataConversion.o
 .debug_info    0x00000f4a      0x56f .\CortexM3\ARM_GCC_541\Debug\cyfitter_cfg.o
 .debug_info    0x000014b9      0x135 .\CortexM3\ARM_GCC_541\Debug\cymetadata.o
 .debug_info    0x000015ee      0x3bb .\CortexM3\ARM_GCC_541\Debug\Cm3Start.o
 .debug_info    0x000019a9      0x45c .\CortexM3\ARM_GCC_541\Debug\AY1920_II_HW_05_PROJ_3.a(UART_Debug.o)
 .debug_info    0x00001e05      0x2ad .\CortexM3\ARM_GCC_541\Debug\AY1920_II_HW_05_PROJ_3.a(I2C_Master.o)
 .debug_info    0x000020b2      0x184 .\CortexM3\ARM_GCC_541\Debug\AY1920_II_HW_05_PROJ_3.a(I2C_Master_INT.o)
 .debug_info    0x00002236      0x207 .\CortexM3\ARM_GCC_541\Debug\AY1920_II_HW_05_PROJ_3.a(I2C_Master_PM.o)
 .debug_info    0x0000243d      0x407 .\CortexM3\ARM_GCC_541\Debug\AY1920_II_HW_05_PROJ_3.a(I2C_Master_MASTER.o)
 .debug_info    0x00002844      0x283 .\CortexM3\ARM_GCC_541\Debug\AY1920_II_HW_05_PROJ_3.a(UART_Debug_IntClock.o)
 .debug_info    0x00002ac7     0x1374 .\CortexM3\ARM_GCC_541\Debug\AY1920_II_HW_05_PROJ_3.a(CyLib.o)
 .debug_info    0x00003e3b      0xa2a .\CortexM3\ARM_GCC_541\Debug\AY1920_II_HW_05_PROJ_3.a(cyPm.o)
 .debug_info    0x00004865      0x293 .\CortexM3\ARM_GCC_541\Debug\AY1920_II_HW_05_PROJ_3.a(Timer_ISR.o)
 .debug_info    0x00004af8      0x2d2 .\CortexM3\ARM_GCC_541\Debug\AY1920_II_HW_05_PROJ_3.a(ISR_IMU.o)
 .debug_info    0x00004dca       0x90 .\CortexM3\ARM_GCC_541\Debug\AY1920_II_HW_05_PROJ_3.a(CyBootAsmGnu.o)
 .debug_info    0x00004e5a      0x64d .\CortexM3\ARM_GCC_541\Debug\AY1920_II_HW_05_PROJ_3.a(CyFlash.o)
 .debug_info    0x000054a7      0x550 .\CortexM3\ARM_GCC_541\Debug\AY1920_II_HW_05_PROJ_3.a(CySpc.o)

.debug_abbrev   0x00000000     0x18c7
 *(.debug_abbrev)
 .debug_abbrev  0x00000000      0x12e .\CortexM3\ARM_GCC_541\Debug\main.o
 .debug_abbrev  0x0000012e      0x10d .\CortexM3\ARM_GCC_541\Debug\I2C_Interface.o
 .debug_abbrev  0x0000023b       0xf1 .\CortexM3\ARM_GCC_541\Debug\InterruptRoutines.o
 .debug_abbrev  0x0000032c       0xbd .\CortexM3\ARM_GCC_541\Debug\DataConversion.o
 .debug_abbrev  0x000003e9      0x20d .\CortexM3\ARM_GCC_541\Debug\cyfitter_cfg.o
 .debug_abbrev  0x000005f6       0x66 .\CortexM3\ARM_GCC_541\Debug\cymetadata.o
 .debug_abbrev  0x0000065c      0x1e8 .\CortexM3\ARM_GCC_541\Debug\Cm3Start.o
 .debug_abbrev  0x00000844      0x175 .\CortexM3\ARM_GCC_541\Debug\AY1920_II_HW_05_PROJ_3.a(UART_Debug.o)
 .debug_abbrev  0x000009b9      0x10a .\CortexM3\ARM_GCC_541\Debug\AY1920_II_HW_05_PROJ_3.a(I2C_Master.o)
 .debug_abbrev  0x00000ac3       0xb6 .\CortexM3\ARM_GCC_541\Debug\AY1920_II_HW_05_PROJ_3.a(I2C_Master_INT.o)
 .debug_abbrev  0x00000b79       0xfe .\CortexM3\ARM_GCC_541\Debug\AY1920_II_HW_05_PROJ_3.a(I2C_Master_PM.o)
 .debug_abbrev  0x00000c77      0x13c .\CortexM3\ARM_GCC_541\Debug\AY1920_II_HW_05_PROJ_3.a(I2C_Master_MASTER.o)
 .debug_abbrev  0x00000db3      0x139 .\CortexM3\ARM_GCC_541\Debug\AY1920_II_HW_05_PROJ_3.a(UART_Debug_IntClock.o)
 .debug_abbrev  0x00000eec      0x254 .\CortexM3\ARM_GCC_541\Debug\AY1920_II_HW_05_PROJ_3.a(CyLib.o)
 .debug_abbrev  0x00001140      0x1ab .\CortexM3\ARM_GCC_541\Debug\AY1920_II_HW_05_PROJ_3.a(cyPm.o)
 .debug_abbrev  0x000012eb      0x11a .\CortexM3\ARM_GCC_541\Debug\AY1920_II_HW_05_PROJ_3.a(Timer_ISR.o)
 .debug_abbrev  0x00001405      0x173 .\CortexM3\ARM_GCC_541\Debug\AY1920_II_HW_05_PROJ_3.a(ISR_IMU.o)
 .debug_abbrev  0x00001578       0x14 .\CortexM3\ARM_GCC_541\Debug\AY1920_II_HW_05_PROJ_3.a(CyBootAsmGnu.o)
 .debug_abbrev  0x0000158c      0x1a7 .\CortexM3\ARM_GCC_541\Debug\AY1920_II_HW_05_PROJ_3.a(CyFlash.o)
 .debug_abbrev  0x00001733      0x194 .\CortexM3\ARM_GCC_541\Debug\AY1920_II_HW_05_PROJ_3.a(CySpc.o)

.debug_line     0x00000000     0x28ef
 *(.debug_line)
 .debug_line    0x00000000      0x293 .\CortexM3\ARM_GCC_541\Debug\main.o
 .debug_line    0x00000293      0x217 .\CortexM3\ARM_GCC_541\Debug\I2C_Interface.o
 .debug_line    0x000004aa      0x20b .\CortexM3\ARM_GCC_541\Debug\InterruptRoutines.o
 .debug_line    0x000006b5      0x187 .\CortexM3\ARM_GCC_541\Debug\DataConversion.o
 .debug_line    0x0000083c      0x1f4 .\CortexM3\ARM_GCC_541\Debug\cyfitter_cfg.o
 .debug_line    0x00000a30      0x141 .\CortexM3\ARM_GCC_541\Debug\cymetadata.o
 .debug_line    0x00000b71      0x234 .\CortexM3\ARM_GCC_541\Debug\Cm3Start.o
 .debug_line    0x00000da5      0x1fc .\CortexM3\ARM_GCC_541\Debug\AY1920_II_HW_05_PROJ_3.a(UART_Debug.o)
 .debug_line    0x00000fa1       0xee .\CortexM3\ARM_GCC_541\Debug\AY1920_II_HW_05_PROJ_3.a(I2C_Master.o)
 .debug_line    0x0000108f      0x122 .\CortexM3\ARM_GCC_541\Debug\AY1920_II_HW_05_PROJ_3.a(I2C_Master_INT.o)
 .debug_line    0x000011b1       0xc9 .\CortexM3\ARM_GCC_541\Debug\AY1920_II_HW_05_PROJ_3.a(I2C_Master_PM.o)
 .debug_line    0x0000127a      0x20b .\CortexM3\ARM_GCC_541\Debug\AY1920_II_HW_05_PROJ_3.a(I2C_Master_MASTER.o)
 .debug_line    0x00001485      0x182 .\CortexM3\ARM_GCC_541\Debug\AY1920_II_HW_05_PROJ_3.a(UART_Debug_IntClock.o)
 .debug_line    0x00001607      0x816 .\CortexM3\ARM_GCC_541\Debug\AY1920_II_HW_05_PROJ_3.a(CyLib.o)
 .debug_line    0x00001e1d      0x367 .\CortexM3\ARM_GCC_541\Debug\AY1920_II_HW_05_PROJ_3.a(cyPm.o)
 .debug_line    0x00002184      0x157 .\CortexM3\ARM_GCC_541\Debug\AY1920_II_HW_05_PROJ_3.a(Timer_ISR.o)
 .debug_line    0x000022db      0x134 .\CortexM3\ARM_GCC_541\Debug\AY1920_II_HW_05_PROJ_3.a(ISR_IMU.o)
 .debug_line    0x0000240f       0x66 .\CortexM3\ARM_GCC_541\Debug\AY1920_II_HW_05_PROJ_3.a(CyBootAsmGnu.o)
 .debug_line    0x00002475      0x21a .\CortexM3\ARM_GCC_541\Debug\AY1920_II_HW_05_PROJ_3.a(CyFlash.o)
 .debug_line    0x0000268f      0x260 .\CortexM3\ARM_GCC_541\Debug\AY1920_II_HW_05_PROJ_3.a(CySpc.o)

.debug_frame    0x00000000     0x1a74
 *(.debug_frame)
 .debug_frame   0x00000000       0x2c .\CortexM3\ARM_GCC_541\Debug\main.o
 .debug_frame   0x0000002c       0xfc .\CortexM3\ARM_GCC_541\Debug\I2C_Interface.o
 .debug_frame   0x00000128       0x3c .\CortexM3\ARM_GCC_541\Debug\InterruptRoutines.o
 .debug_frame   0x00000164       0x58 .\CortexM3\ARM_GCC_541\Debug\DataConversion.o
 .debug_frame   0x000001bc       0xe4 .\CortexM3\ARM_GCC_541\Debug\cyfitter_cfg.o
 .debug_frame   0x000002a0       0xb8 .\CortexM3\ARM_GCC_541\Debug\Cm3Start.o
 .debug_frame   0x00000358      0x198 .\CortexM3\ARM_GCC_541\Debug\AY1920_II_HW_05_PROJ_3.a(UART_Debug.o)
 .debug_frame   0x000004f0       0x94 .\CortexM3\ARM_GCC_541\Debug\AY1920_II_HW_05_PROJ_3.a(I2C_Master.o)
 .debug_frame   0x00000584       0x30 .\CortexM3\ARM_GCC_541\Debug\AY1920_II_HW_05_PROJ_3.a(I2C_Master_INT.o)
 .debug_frame   0x000005b4       0x74 .\CortexM3\ARM_GCC_541\Debug\AY1920_II_HW_05_PROJ_3.a(I2C_Master_PM.o)
 .debug_frame   0x00000628      0x138 .\CortexM3\ARM_GCC_541\Debug\AY1920_II_HW_05_PROJ_3.a(I2C_Master_MASTER.o)
 .debug_frame   0x00000760       0xe0 .\CortexM3\ARM_GCC_541\Debug\AY1920_II_HW_05_PROJ_3.a(UART_Debug_IntClock.o)
 .debug_frame   0x00000840      0x738 .\CortexM3\ARM_GCC_541\Debug\AY1920_II_HW_05_PROJ_3.a(CyLib.o)
 .debug_frame   0x00000f78      0x1f8 .\CortexM3\ARM_GCC_541\Debug\AY1920_II_HW_05_PROJ_3.a(cyPm.o)
 .debug_frame   0x00001170      0x108 .\CortexM3\ARM_GCC_541\Debug\AY1920_II_HW_05_PROJ_3.a(Timer_ISR.o)
 .debug_frame   0x00001278      0x104 .\CortexM3\ARM_GCC_541\Debug\AY1920_II_HW_05_PROJ_3.a(ISR_IMU.o)
 .debug_frame   0x0000137c      0x194 .\CortexM3\ARM_GCC_541\Debug\AY1920_II_HW_05_PROJ_3.a(CyFlash.o)
 .debug_frame   0x00001510      0x180 .\CortexM3\ARM_GCC_541\Debug\AY1920_II_HW_05_PROJ_3.a(CySpc.o)
 .debug_frame   0x00001690       0x20 c:/program files (x86)/cypress/psoc creator/4.3/psoc creator/import/gnu/arm/5.4.1/bin/../lib/gcc/arm-none-eabi/5.4.1/../../../../arm-none-eabi/lib/armv7-m\libg_nano.a(lib_a-errno.o)
 .debug_frame   0x000016b0       0x28 c:/program files (x86)/cypress/psoc creator/4.3/psoc creator/import/gnu/arm/5.4.1/bin/../lib/gcc/arm-none-eabi/5.4.1/../../../../arm-none-eabi/lib/armv7-m\libg_nano.a(lib_a-exit.o)
 .debug_frame   0x000016d8       0x2c c:/program files (x86)/cypress/psoc creator/4.3/psoc creator/import/gnu/arm/5.4.1/bin/../lib/gcc/arm-none-eabi/5.4.1/../../../../arm-none-eabi/lib/armv7-m\libg_nano.a(lib_a-init.o)
 .debug_frame   0x00001704       0x28 c:/program files (x86)/cypress/psoc creator/4.3/psoc creator/import/gnu/arm/5.4.1/bin/../lib/gcc/arm-none-eabi/5.4.1/../../../../arm-none-eabi/lib/armv7-m\libg_nano.a(lib_a-memcpy-stub.o)
 .debug_frame   0x0000172c       0x20 c:/program files (x86)/cypress/psoc creator/4.3/psoc creator/import/gnu/arm/5.4.1/bin/../lib/gcc/arm-none-eabi/5.4.1/../../../../arm-none-eabi/lib/armv7-m\libg_nano.a(lib_a-memset.o)
 .debug_frame   0x0000174c       0x70 c:/program files (x86)/cypress/psoc creator/4.3/psoc creator/import/gnu/arm/5.4.1/bin/../lib/gcc/arm-none-eabi/5.4.1/../../../../arm-none-eabi/lib/armv7-m\libg_nano.a(lib_a-sprintf.o)
 .debug_frame   0x000017bc       0x90 c:/program files (x86)/cypress/psoc creator/4.3/psoc creator/import/gnu/arm/5.4.1/bin/../lib/gcc/arm-none-eabi/5.4.1/../../../../arm-none-eabi/lib/armv7-m\libg_nano.a(lib_a-nano-svfprintf.o)
 .debug_frame   0x0000184c       0x60 c:/program files (x86)/cypress/psoc creator/4.3/psoc creator/import/gnu/arm/5.4.1/bin/../lib/gcc/arm-none-eabi/5.4.1/../../../../arm-none-eabi/lib/armv7-m\libg_nano.a(lib_a-nano-vfprintf_i.o)
 .debug_frame   0x000018ac       0x28 c:/program files (x86)/cypress/psoc creator/4.3/psoc creator/import/gnu/arm/5.4.1/bin/../lib/gcc/arm-none-eabi/5.4.1/../../../../arm-none-eabi/lib/armv7-m\libg_nano.a(lib_a-memchr-stub.o)
 .debug_frame   0x000018d4       0x28 c:/program files (x86)/cypress/psoc creator/4.3/psoc creator/import/gnu/arm/5.4.1/bin/../lib/gcc/arm-none-eabi/5.4.1/../../../../arm-none-eabi/lib/armv7-m\libg_nano.a(lib_a-memmove.o)
 .debug_frame   0x000018fc       0x38 c:/program files (x86)/cypress/psoc creator/4.3/psoc creator/import/gnu/arm/5.4.1/bin/../lib/gcc/arm-none-eabi/5.4.1/../../../../arm-none-eabi/lib/armv7-m\libg_nano.a(lib_a-nano-freer.o)
 .debug_frame   0x00001934       0x2c c:/program files (x86)/cypress/psoc creator/4.3/psoc creator/import/gnu/arm/5.4.1/bin/../lib/gcc/arm-none-eabi/5.4.1/../../../../arm-none-eabi/lib/armv7-m\libg_nano.a(lib_a-nano-mallocr.o)
 .debug_frame   0x00001960       0x3c c:/program files (x86)/cypress/psoc creator/4.3/psoc creator/import/gnu/arm/5.4.1/bin/../lib/gcc/arm-none-eabi/5.4.1/../../../../arm-none-eabi/lib/armv7-m\libg_nano.a(lib_a-nano-reallocr.o)
 .debug_frame   0x0000199c       0x2c c:/program files (x86)/cypress/psoc creator/4.3/psoc creator/import/gnu/arm/5.4.1/bin/../lib/gcc/arm-none-eabi/5.4.1/../../../../arm-none-eabi/lib/armv7-m\libg_nano.a(lib_a-sbrkr.o)
 .debug_frame   0x000019c8       0x30 c:/program files (x86)/cypress/psoc creator/4.3/psoc creator/import/gnu/arm/5.4.1/bin/../lib/gcc/arm-none-eabi/5.4.1/../../../../arm-none-eabi/lib/armv7-m\libg_nano.a(lib_a-mlock.o)
 .debug_frame   0x000019f8       0x20 c:/program files (x86)/cypress/psoc creator/4.3/psoc creator/import/gnu/arm/5.4.1/bin/../lib/gcc/arm-none-eabi/5.4.1/../../../../arm-none-eabi/lib/armv7-m\libg_nano.a(lib_a-nano-msizer.o)
 .debug_frame   0x00001a18       0x5c c:/program files (x86)/cypress/psoc creator/4.3/psoc creator/import/gnu/arm/5.4.1/bin/../lib/gcc/arm-none-eabi/5.4.1/../../../../arm-none-eabi/lib/armv7-m\libg_nano.a(lib_a-reent.o)

.debug_str      0x00000000     0x200b
 *(.debug_str)
 .debug_str     0x00000000      0x2b4 .\CortexM3\ARM_GCC_541\Debug\main.o
                                0x30a (size before relaxing)
 .debug_str     0x000002b4      0x146 .\CortexM3\ARM_GCC_541\Debug\I2C_Interface.o
                                0x385 (size before relaxing)
 .debug_str     0x000003fa       0xa2 .\CortexM3\ARM_GCC_541\Debug\InterruptRoutines.o
                                0x2e3 (size before relaxing)
 .debug_str     0x0000049c       0x30 .\CortexM3\ARM_GCC_541\Debug\DataConversion.o
                                0x215 (size before relaxing)
 .debug_str     0x000004cc      0x1aa .\CortexM3\ARM_GCC_541\Debug\cyfitter_cfg.o
                                0x344 (size before relaxing)
 .debug_str     0x00000676       0x75 .\CortexM3\ARM_GCC_541\Debug\cymetadata.o
                                0x1e4 (size before relaxing)
 .debug_str     0x000006eb      0x144 .\CortexM3\ARM_GCC_541\Debug\Cm3Start.o
                                0x30a (size before relaxing)
 .debug_str     0x0000082f      0x250 .\CortexM3\ARM_GCC_541\Debug\AY1920_II_HW_05_PROJ_3.a(UART_Debug.o)
                                0x41c (size before relaxing)
 .debug_str     0x00000a7f      0x13f .\CortexM3\ARM_GCC_541\Debug\AY1920_II_HW_05_PROJ_3.a(I2C_Master.o)
                                0x335 (size before relaxing)
 .debug_str     0x00000bbe       0xb7 .\CortexM3\ARM_GCC_541\Debug\AY1920_II_HW_05_PROJ_3.a(I2C_Master_INT.o)
                                0x2ac (size before relaxing)
 .debug_str     0x00000c75       0x79 .\CortexM3\ARM_GCC_541\Debug\AY1920_II_HW_05_PROJ_3.a(I2C_Master_PM.o)
                                0x2bc (size before relaxing)
 .debug_str     0x00000cee      0x150 .\CortexM3\ARM_GCC_541\Debug\AY1920_II_HW_05_PROJ_3.a(I2C_Master_MASTER.o)
                                0x445 (size before relaxing)
 .debug_str     0x00000e3e      0x1bf .\CortexM3\ARM_GCC_541\Debug\AY1920_II_HW_05_PROJ_3.a(UART_Debug_IntClock.o)
                                0x37e (size before relaxing)
 .debug_str     0x00000ffd      0x7eb .\CortexM3\ARM_GCC_541\Debug\AY1920_II_HW_05_PROJ_3.a(CyLib.o)
                                0xa47 (size before relaxing)
 .debug_str     0x000017e8      0x365 .\CortexM3\ARM_GCC_541\Debug\AY1920_II_HW_05_PROJ_3.a(cyPm.o)
                                0x733 (size before relaxing)
 .debug_str     0x00001b4d      0x165 .\CortexM3\ARM_GCC_541\Debug\AY1920_II_HW_05_PROJ_3.a(Timer_ISR.o)
                                0x335 (size before relaxing)
 .debug_str     0x00001cb2       0xf2 .\CortexM3\ARM_GCC_541\Debug\AY1920_II_HW_05_PROJ_3.a(ISR_IMU.o)
                                0x2c2 (size before relaxing)
 .debug_str     0x00001da4      0x1bb .\CortexM3\ARM_GCC_541\Debug\AY1920_II_HW_05_PROJ_3.a(CyFlash.o)
                                0x3c0 (size before relaxing)
 .debug_str     0x00001f5f       0xac .\CortexM3\ARM_GCC_541\Debug\AY1920_II_HW_05_PROJ_3.a(CySpc.o)
                                0x338 (size before relaxing)

.debug_loc      0x00000000     0x2835
 *(.debug_loc)
 .debug_loc     0x00000000       0xc1 .\CortexM3\ARM_GCC_541\Debug\main.o
 .debug_loc     0x000000c1      0x328 .\CortexM3\ARM_GCC_541\Debug\I2C_Interface.o
 .debug_loc     0x000003e9       0xe6 .\CortexM3\ARM_GCC_541\Debug\DataConversion.o
 .debug_loc     0x000004cf      0x259 .\CortexM3\ARM_GCC_541\Debug\cyfitter_cfg.o
 .debug_loc     0x00000728      0x144 .\CortexM3\ARM_GCC_541\Debug\Cm3Start.o
 .debug_loc     0x0000086c      0x1f7 .\CortexM3\ARM_GCC_541\Debug\AY1920_II_HW_05_PROJ_3.a(UART_Debug.o)
 .debug_loc     0x00000a63       0x39 .\CortexM3\ARM_GCC_541\Debug\AY1920_II_HW_05_PROJ_3.a(I2C_Master.o)
 .debug_loc     0x00000a9c       0x29 .\CortexM3\ARM_GCC_541\Debug\AY1920_II_HW_05_PROJ_3.a(I2C_Master_INT.o)
 .debug_loc     0x00000ac5       0x13 .\CortexM3\ARM_GCC_541\Debug\AY1920_II_HW_05_PROJ_3.a(I2C_Master_PM.o)
 .debug_loc     0x00000ad8      0x52f .\CortexM3\ARM_GCC_541\Debug\AY1920_II_HW_05_PROJ_3.a(I2C_Master_MASTER.o)
 .debug_loc     0x00001007      0x12c .\CortexM3\ARM_GCC_541\Debug\AY1920_II_HW_05_PROJ_3.a(UART_Debug_IntClock.o)
 .debug_loc     0x00001133      0xa11 .\CortexM3\ARM_GCC_541\Debug\AY1920_II_HW_05_PROJ_3.a(CyLib.o)
 .debug_loc     0x00001b44      0x1e4 .\CortexM3\ARM_GCC_541\Debug\AY1920_II_HW_05_PROJ_3.a(cyPm.o)
 .debug_loc     0x00001d28       0x56 .\CortexM3\ARM_GCC_541\Debug\AY1920_II_HW_05_PROJ_3.a(ISR_IMU.o)
 .debug_loc     0x00001d7e      0x3b2 .\CortexM3\ARM_GCC_541\Debug\AY1920_II_HW_05_PROJ_3.a(CyFlash.o)
 .debug_loc     0x00002130      0x705 .\CortexM3\ARM_GCC_541\Debug\AY1920_II_HW_05_PROJ_3.a(CySpc.o)

.debug_macinfo
 *(.debug_macinfo)

.debug_ranges   0x00000000      0x7c0
 *(.debug_ranges)
 .debug_ranges  0x00000000       0x10 .\CortexM3\ARM_GCC_541\Debug\main.o
 .debug_ranges  0x00000010       0x58 .\CortexM3\ARM_GCC_541\Debug\I2C_Interface.o
 .debug_ranges  0x00000068       0x10 .\CortexM3\ARM_GCC_541\Debug\InterruptRoutines.o
 .debug_ranges  0x00000078       0x20 .\CortexM3\ARM_GCC_541\Debug\DataConversion.o
 .debug_ranges  0x00000098       0x48 .\CortexM3\ARM_GCC_541\Debug\cyfitter_cfg.o
 .debug_ranges  0x000000e0       0x38 .\CortexM3\ARM_GCC_541\Debug\Cm3Start.o
 .debug_ranges  0x00000118       0x90 .\CortexM3\ARM_GCC_541\Debug\AY1920_II_HW_05_PROJ_3.a(UART_Debug.o)
 .debug_ranges  0x000001a8       0x28 .\CortexM3\ARM_GCC_541\Debug\AY1920_II_HW_05_PROJ_3.a(I2C_Master.o)
 .debug_ranges  0x000001d0       0x10 .\CortexM3\ARM_GCC_541\Debug\AY1920_II_HW_05_PROJ_3.a(I2C_Master_INT.o)
 .debug_ranges  0x000001e0       0x28 .\CortexM3\ARM_GCC_541\Debug\AY1920_II_HW_05_PROJ_3.a(I2C_Master_PM.o)
 .debug_ranges  0x00000208       0x70 .\CortexM3\ARM_GCC_541\Debug\AY1920_II_HW_05_PROJ_3.a(I2C_Master_MASTER.o)
 .debug_ranges  0x00000278       0x60 .\CortexM3\ARM_GCC_541\Debug\AY1920_II_HW_05_PROJ_3.a(UART_Debug_IntClock.o)
 .debug_ranges  0x000002d8      0x290 .\CortexM3\ARM_GCC_541\Debug\AY1920_II_HW_05_PROJ_3.a(CyLib.o)
 .debug_ranges  0x00000568       0x88 .\CortexM3\ARM_GCC_541\Debug\AY1920_II_HW_05_PROJ_3.a(cyPm.o)
 .debug_ranges  0x000005f0       0x78 .\CortexM3\ARM_GCC_541\Debug\AY1920_II_HW_05_PROJ_3.a(Timer_ISR.o)
 .debug_ranges  0x00000668       0x70 .\CortexM3\ARM_GCC_541\Debug\AY1920_II_HW_05_PROJ_3.a(ISR_IMU.o)
 .debug_ranges  0x000006d8       0x78 .\CortexM3\ARM_GCC_541\Debug\AY1920_II_HW_05_PROJ_3.a(CyFlash.o)
 .debug_ranges  0x00000750       0x70 .\CortexM3\ARM_GCC_541\Debug\AY1920_II_HW_05_PROJ_3.a(CySpc.o)

.comment        0x00000000       0x6e
 .comment       0x00000000       0x6e .\CortexM3\ARM_GCC_541\Debug\main.o
                                 0x6f (size before relaxing)
 .comment       0x0000006e       0x6f .\CortexM3\ARM_GCC_541\Debug\I2C_Interface.o
 .comment       0x0000006e       0x6f .\CortexM3\ARM_GCC_541\Debug\InterruptRoutines.o
 .comment       0x0000006e       0x6f .\CortexM3\ARM_GCC_541\Debug\DataConversion.o
 .comment       0x0000006e       0x6f .\CortexM3\ARM_GCC_541\Debug\cyfitter_cfg.o
 .comment       0x0000006e       0x6f .\CortexM3\ARM_GCC_541\Debug\cymetadata.o
 .comment       0x0000006e       0x6f .\CortexM3\ARM_GCC_541\Debug\Cm3Start.o
 .comment       0x0000006e       0x6f .\CortexM3\ARM_GCC_541\Debug\AY1920_II_HW_05_PROJ_3.a(UART_Debug.o)
 .comment       0x0000006e       0x6f .\CortexM3\ARM_GCC_541\Debug\AY1920_II_HW_05_PROJ_3.a(I2C_Master.o)
 .comment       0x0000006e       0x6f .\CortexM3\ARM_GCC_541\Debug\AY1920_II_HW_05_PROJ_3.a(I2C_Master_INT.o)
 .comment       0x0000006e       0x6f .\CortexM3\ARM_GCC_541\Debug\AY1920_II_HW_05_PROJ_3.a(I2C_Master_PM.o)
 .comment       0x0000006e       0x6f .\CortexM3\ARM_GCC_541\Debug\AY1920_II_HW_05_PROJ_3.a(I2C_Master_MASTER.o)
 .comment       0x0000006e       0x6f .\CortexM3\ARM_GCC_541\Debug\AY1920_II_HW_05_PROJ_3.a(UART_Debug_IntClock.o)
 .comment       0x0000006e       0x6f .\CortexM3\ARM_GCC_541\Debug\AY1920_II_HW_05_PROJ_3.a(CyLib.o)
 .comment       0x0000006e       0x6f .\CortexM3\ARM_GCC_541\Debug\AY1920_II_HW_05_PROJ_3.a(cyPm.o)
 .comment       0x0000006e       0x6f .\CortexM3\ARM_GCC_541\Debug\AY1920_II_HW_05_PROJ_3.a(Timer_ISR.o)
 .comment       0x0000006e       0x6f .\CortexM3\ARM_GCC_541\Debug\AY1920_II_HW_05_PROJ_3.a(ISR_IMU.o)
 .comment       0x0000006e       0x6f .\CortexM3\ARM_GCC_541\Debug\AY1920_II_HW_05_PROJ_3.a(CyFlash.o)
 .comment       0x0000006e       0x6f .\CortexM3\ARM_GCC_541\Debug\AY1920_II_HW_05_PROJ_3.a(CySpc.o)

.debug_weaknames
 *(.debug_weaknames)

.debug_funcnames
 *(.debug_funcnames)

.debug_typenames
 *(.debug_typenames)

.debug_varnames
 *(.debug_varnames)

.note.gnu.arm.ident
 *(.note.gnu.arm.ident)

.ARM.attributes
                0x00000000       0x29
 *(.ARM.attributes)
 .ARM.attributes
                0x00000000       0x1d c:/program files (x86)/cypress/psoc creator/4.3/psoc creator/import/gnu/arm/5.4.1/bin/../lib/gcc/arm-none-eabi/5.4.1/armv7-m/crti.o
 .ARM.attributes
                0x0000001d       0x2d c:/program files (x86)/cypress/psoc creator/4.3/psoc creator/import/gnu/arm/5.4.1/bin/../lib/gcc/arm-none-eabi/5.4.1/armv7-m/crtbegin.o
 .ARM.attributes
                0x0000004a       0x1b c:/program files (x86)/cypress/psoc creator/4.3/psoc creator/import/gnu/arm/5.4.1/bin/../lib/gcc/arm-none-eabi/5.4.1/../../../../arm-none-eabi/lib/armv7-m/crt0.o
 .ARM.attributes
                0x00000065       0x33 .\CortexM3\ARM_GCC_541\Debug\main.o
 .ARM.attributes
                0x00000098       0x33 .\CortexM3\ARM_GCC_541\Debug\I2C_Interface.o
 .ARM.attributes
                0x000000cb       0x33 .\CortexM3\ARM_GCC_541\Debug\InterruptRoutines.o
 .ARM.attributes
                0x000000fe       0x33 .\CortexM3\ARM_GCC_541\Debug\DataConversion.o
 .ARM.attributes
                0x00000131       0x33 .\CortexM3\ARM_GCC_541\Debug\cyfitter_cfg.o
 .ARM.attributes
                0x00000164       0x33 .\CortexM3\ARM_GCC_541\Debug\cymetadata.o
 .ARM.attributes
                0x00000197       0x33 .\CortexM3\ARM_GCC_541\Debug\Cm3Start.o
 .ARM.attributes
                0x000001ca       0x33 .\CortexM3\ARM_GCC_541\Debug\AY1920_II_HW_05_PROJ_3.a(UART_Debug.o)
 .ARM.attributes
                0x000001fd       0x33 .\CortexM3\ARM_GCC_541\Debug\AY1920_II_HW_05_PROJ_3.a(I2C_Master.o)
 .ARM.attributes
                0x00000230       0x33 .\CortexM3\ARM_GCC_541\Debug\AY1920_II_HW_05_PROJ_3.a(I2C_Master_INT.o)
 .ARM.attributes
                0x00000263       0x33 .\CortexM3\ARM_GCC_541\Debug\AY1920_II_HW_05_PROJ_3.a(I2C_Master_PM.o)
 .ARM.attributes
                0x00000296       0x33 .\CortexM3\ARM_GCC_541\Debug\AY1920_II_HW_05_PROJ_3.a(I2C_Master_MASTER.o)
 .ARM.attributes
                0x000002c9       0x33 .\CortexM3\ARM_GCC_541\Debug\AY1920_II_HW_05_PROJ_3.a(UART_Debug_IntClock.o)
 .ARM.attributes
                0x000002fc       0x33 .\CortexM3\ARM_GCC_541\Debug\AY1920_II_HW_05_PROJ_3.a(CyLib.o)
 .ARM.attributes
                0x0000032f       0x33 .\CortexM3\ARM_GCC_541\Debug\AY1920_II_HW_05_PROJ_3.a(cyPm.o)
 .ARM.attributes
                0x00000362       0x33 .\CortexM3\ARM_GCC_541\Debug\AY1920_II_HW_05_PROJ_3.a(Timer_ISR.o)
 .ARM.attributes
                0x00000395       0x33 .\CortexM3\ARM_GCC_541\Debug\AY1920_II_HW_05_PROJ_3.a(ISR_IMU.o)
 .ARM.attributes
                0x000003c8       0x21 .\CortexM3\ARM_GCC_541\Debug\AY1920_II_HW_05_PROJ_3.a(CyBootAsmGnu.o)
 .ARM.attributes
                0x000003e9       0x33 .\CortexM3\ARM_GCC_541\Debug\AY1920_II_HW_05_PROJ_3.a(CyFlash.o)
 .ARM.attributes
                0x0000041c       0x33 .\CortexM3\ARM_GCC_541\Debug\AY1920_II_HW_05_PROJ_3.a(CySpc.o)
 .ARM.attributes
                0x0000044f       0x1d c:/program files (x86)/cypress/psoc creator/4.3/psoc creator/import/gnu/arm/5.4.1/bin/../lib/gcc/arm-none-eabi/5.4.1/armv7-m\libgcc.a(_arm_addsubsf3.o)
 .ARM.attributes
                0x0000046c       0x1d c:/program files (x86)/cypress/psoc creator/4.3/psoc creator/import/gnu/arm/5.4.1/bin/../lib/gcc/arm-none-eabi/5.4.1/armv7-m\libgcc.a(_arm_muldivsf3.o)
 .ARM.attributes
                0x00000489       0x1d c:/program files (x86)/cypress/psoc creator/4.3/psoc creator/import/gnu/arm/5.4.1/bin/../lib/gcc/arm-none-eabi/5.4.1/armv7-m\libgcc.a(_arm_fixsfsi.o)
 .ARM.attributes
                0x000004a6       0x2d c:/program files (x86)/cypress/psoc creator/4.3/psoc creator/import/gnu/arm/5.4.1/bin/../lib/gcc/arm-none-eabi/5.4.1/../../../../arm-none-eabi/lib/armv7-m\libg_nano.a(lib_a-errno.o)
 .ARM.attributes
                0x000004d3       0x2d c:/program files (x86)/cypress/psoc creator/4.3/psoc creator/import/gnu/arm/5.4.1/bin/../lib/gcc/arm-none-eabi/5.4.1/../../../../arm-none-eabi/lib/armv7-m\libg_nano.a(lib_a-exit.o)
 .ARM.attributes
                0x00000500       0x2d c:/program files (x86)/cypress/psoc creator/4.3/psoc creator/import/gnu/arm/5.4.1/bin/../lib/gcc/arm-none-eabi/5.4.1/../../../../arm-none-eabi/lib/armv7-m\libg_nano.a(lib_a-impure.o)
 .ARM.attributes
                0x0000052d       0x2d c:/program files (x86)/cypress/psoc creator/4.3/psoc creator/import/gnu/arm/5.4.1/bin/../lib/gcc/arm-none-eabi/5.4.1/../../../../arm-none-eabi/lib/armv7-m\libg_nano.a(lib_a-init.o)
 .ARM.attributes
                0x0000055a       0x2d c:/program files (x86)/cypress/psoc creator/4.3/psoc creator/import/gnu/arm/5.4.1/bin/../lib/gcc/arm-none-eabi/5.4.1/../../../../arm-none-eabi/lib/armv7-m\libg_nano.a(lib_a-memcpy-stub.o)
 .ARM.attributes
                0x00000587       0x2d c:/program files (x86)/cypress/psoc creator/4.3/psoc creator/import/gnu/arm/5.4.1/bin/../lib/gcc/arm-none-eabi/5.4.1/../../../../arm-none-eabi/lib/armv7-m\libg_nano.a(lib_a-memset.o)
 .ARM.attributes
                0x000005b4       0x2d c:/program files (x86)/cypress/psoc creator/4.3/psoc creator/import/gnu/arm/5.4.1/bin/../lib/gcc/arm-none-eabi/5.4.1/../../../../arm-none-eabi/lib/armv7-m\libg_nano.a(lib_a-sprintf.o)
 .ARM.attributes
                0x000005e1       0x2d c:/program files (x86)/cypress/psoc creator/4.3/psoc creator/import/gnu/arm/5.4.1/bin/../lib/gcc/arm-none-eabi/5.4.1/../../../../arm-none-eabi/lib/armv7-m\libg_nano.a(lib_a-nano-svfprintf.o)
 .ARM.attributes
                0x0000060e       0x2d c:/program files (x86)/cypress/psoc creator/4.3/psoc creator/import/gnu/arm/5.4.1/bin/../lib/gcc/arm-none-eabi/5.4.1/../../../../arm-none-eabi/lib/armv7-m\libg_nano.a(lib_a-nano-vfprintf_i.o)
 .ARM.attributes
                0x0000063b       0x2d c:/program files (x86)/cypress/psoc creator/4.3/psoc creator/import/gnu/arm/5.4.1/bin/../lib/gcc/arm-none-eabi/5.4.1/../../../../arm-none-eabi/lib/armv7-m\libg_nano.a(lib_a-memchr-stub.o)
 .ARM.attributes
                0x00000668       0x2d c:/program files (x86)/cypress/psoc creator/4.3/psoc creator/import/gnu/arm/5.4.1/bin/../lib/gcc/arm-none-eabi/5.4.1/../../../../arm-none-eabi/lib/armv7-m\libg_nano.a(lib_a-memmove.o)
 .ARM.attributes
                0x00000695       0x2d c:/program files (x86)/cypress/psoc creator/4.3/psoc creator/import/gnu/arm/5.4.1/bin/../lib/gcc/arm-none-eabi/5.4.1/../../../../arm-none-eabi/lib/armv7-m\libg_nano.a(lib_a-nano-freer.o)
 .ARM.attributes
                0x000006c2       0x2d c:/program files (x86)/cypress/psoc creator/4.3/psoc creator/import/gnu/arm/5.4.1/bin/../lib/gcc/arm-none-eabi/5.4.1/../../../../arm-none-eabi/lib/armv7-m\libg_nano.a(lib_a-nano-mallocr.o)
 .ARM.attributes
                0x000006ef       0x2d c:/program files (x86)/cypress/psoc creator/4.3/psoc creator/import/gnu/arm/5.4.1/bin/../lib/gcc/arm-none-eabi/5.4.1/../../../../arm-none-eabi/lib/armv7-m\libg_nano.a(lib_a-nano-reallocr.o)
 .ARM.attributes
                0x0000071c       0x2d c:/program files (x86)/cypress/psoc creator/4.3/psoc creator/import/gnu/arm/5.4.1/bin/../lib/gcc/arm-none-eabi/5.4.1/../../../../arm-none-eabi/lib/armv7-m\libg_nano.a(lib_a-sbrkr.o)
 .ARM.attributes
                0x00000749       0x2d c:/program files (x86)/cypress/psoc creator/4.3/psoc creator/import/gnu/arm/5.4.1/bin/../lib/gcc/arm-none-eabi/5.4.1/../../../../arm-none-eabi/lib/armv7-m\libg_nano.a(lib_a-mlock.o)
 .ARM.attributes
                0x00000776       0x2d c:/program files (x86)/cypress/psoc creator/4.3/psoc creator/import/gnu/arm/5.4.1/bin/../lib/gcc/arm-none-eabi/5.4.1/../../../../arm-none-eabi/lib/armv7-m\libg_nano.a(lib_a-nano-msizer.o)
 .ARM.attributes
                0x000007a3       0x2d c:/program files (x86)/cypress/psoc creator/4.3/psoc creator/import/gnu/arm/5.4.1/bin/../lib/gcc/arm-none-eabi/5.4.1/../../../../arm-none-eabi/lib/armv7-m\libg_nano.a(lib_a-reent.o)
 .ARM.attributes
                0x000007d0       0x2d c:/program files (x86)/cypress/psoc creator/4.3/psoc creator/import/gnu/arm/5.4.1/bin/../lib/gcc/arm-none-eabi/5.4.1/armv7-m/crtend.o
 .ARM.attributes
                0x000007fd       0x1d c:/program files (x86)/cypress/psoc creator/4.3/psoc creator/import/gnu/arm/5.4.1/bin/../lib/gcc/arm-none-eabi/5.4.1/armv7-m/crtn.o

/DISCARD/
 *(.note.GNU-stack)
OUTPUT(C:\Users\Manu\Desktop\git_ps\PSoC_03\AY1920_II_HW_05_PROJ_3.cydsn\CortexM3\ARM_GCC_541\Debug\AY1920_II_HW_05_PROJ_3.elf elf32-littlearm)
